
> grademaster@0.1.0 build
> next build

  Γû▓ Next.js 14.2.35
  - Environments: .env.local

   Creating an optimized production build ...
 Γ£ô Compiled successfully
   Linting and checking validity of types ...
node.exe : 
At line:1 char:1
+ & "C:\Program 
Files\nodejs/node.exe" 
"C:\Program 
Files\nodejs/node_mo ...
+ ~~~~~~~~~~~~~~~~~~~~~~~~~~~
~~~~~~~~~~~~~~~~~~~~~~~~~~~~~
~~~~~~~~~~~~~
    + CategoryInfo           
   : NotSpecified: (:String  
  ) [], RemoteException
    + FullyQualifiedErrorId  
   : NativeCommandError
 
Failed to compile.

./src/app/(auth)/login/page.t
sx
19:29  Error: 
'CardDescription' is defined 
but never used.  @typescript-
eslint/no-unused-vars
19:58  Error: 'CardHeader' 
is defined but never used.  @
typescript-eslint/no-unused-v
ars
19:70  Error: 'CardTitle' is 
defined but never used.  @typ
escript-eslint/no-unused-vars
60:18  Error: 'error' is 
defined but never used.  @typ
escript-eslint/no-unused-vars

./src/app/(auth)/onboarding/p
age.tsx
11:5  Error: 'ArrowRight' is 
defined but never used.  @typ
escript-eslint/no-unused-vars
59:50  Error: Unexpected 
any. Specify a different 
type.  @typescript-eslint/no-
explicit-any
115:27  Error: 'authData' is 
assigned a value but never 
used.  @typescript-eslint/no-
unused-vars
144:23  Error: Unexpected 
any. Specify a different 
type.  @typescript-eslint/no-
explicit-any

./src/app/(auth)/register-adm
in/page.tsx
7:5  Error: 'UserPlus' is 
defined but never used.  @typ
escript-eslint/no-unused-vars
11:5  Error: 'ArrowRight' is 
defined but never used.  @typ
escript-eslint/no-unused-vars
70:23  Error: Unexpected 
any. Specify a different 
type.  @typescript-eslint/no-
explicit-any

./src/app/(auth)/reset-passwo
rd/page.tsx
50:18  Error: 'error' is 
defined but never used.  @typ
escript-eslint/no-unused-vars

./src/app/(auth)/seed/page.ts
x
22:23  Error: Unexpected 
any. Specify a different 
type.  @typescript-eslint/no-
explicit-any

./src/app/(dashboard)/analyti
cs/page.tsx
12:5  Error: 'LineChart' is 
defined but never used.  @typ
escript-eslint/no-unused-vars
13:5  Error: 'Line' is 
defined but never used.  @typ
escript-eslint/no-unused-vars
14:5  Error: 'PieChart' is 
defined but never used.  @typ
escript-eslint/no-unused-vars
15:5  Error: 'Pie' is 
defined but never used.  @typ
escript-eslint/no-unused-vars
17:5  Error: 'Legend' is 
defined but never used.  @typ
escript-eslint/no-unused-vars
20:5  Error: 'RadarChart' is 
defined but never used.  @typ
escript-eslint/no-unused-vars
21:5  Error: 'PolarGrid' is 
defined but never used.  @typ
escript-eslint/no-unused-vars
22:5  Error: 
'PolarAngleAxis' is defined 
but never used.  @typescript-
eslint/no-unused-vars
23:5  Error: 
'PolarRadiusAxis' is defined 
but never used.  @typescript-
eslint/no-unused-vars
24:5  Error: 'Radar' is 
defined but never used.  @typ
escript-eslint/no-unused-vars
29:5  Error: 'UserPlus' is 
defined but never used.  @typ
escript-eslint/no-unused-vars
33:5  Error: 'Clock' is 
defined but never used.  @typ
escript-eslint/no-unused-vars
34:5  Error: 
'LayoutDashboard' is defined 
but never used.  @typescript-
eslint/no-unused-vars
35:5  Error: 'BarChart4' is 
defined but never used.  @typ
escript-eslint/no-unused-vars
36:5  Error: 'MapPin' is 
defined but never used.  @typ
escript-eslint/no-unused-vars
37:5  Error: 'Calendar' is 
defined but never used.  @typ
escript-eslint/no-unused-vars
38:5  Error: 'School' is 
defined but never used.  @typ
escript-eslint/no-unused-vars
40:5  Error: 'ChevronRight' 
is defined but never used.  @
typescript-eslint/no-unused-v
ars
41:5  Error: 'TrendingDown' 
is defined but never used.  @
typescript-eslint/no-unused-v
ars
45:5  Error: 'ShieldCheck' 
is defined but never used.  @
typescript-eslint/no-unused-v
ars
56:6  Error: 
'TermSubjectResult' is 
defined but never used.  @typ
escript-eslint/no-unused-vars
81:111  Error: Unexpected 
any. Specify a different 
type.  @typescript-eslint/no-
explicit-any
94:58  Error: Unexpected 
any. Specify a different 
type.  @typescript-eslint/no-
explicit-any
94:66  Error: Unexpected 
any. Specify a different 
type.  @typescript-eslint/no-
explicit-any
104:17  Error: 'hasData' is 
never reassigned. Use 
'const' instead.  
prefer-const
105:17  Error: 'isSemiReal' 
is never reassigned. Use 
'const' instead.  
prefer-const
116:37  Error: Unexpected 
any. Specify a different 
type.  @typescript-eslint/no-
explicit-any
125:37  Error: Unexpected 
any. Specify a different 
type.  @typescript-eslint/no-
explicit-any
141:39  Error: Unexpected 
any. Specify a different 
type.  @typescript-eslint/no-
explicit-any
154:38  Error: Unexpected 
any. Specify a different 
type.  @typescript-eslint/no-
explicit-any
162:43  Error: Unexpected 
any. Specify a different 
type.  @typescript-eslint/no-
explicit-any
304:64  Error: Unexpected 
any. Specify a different 
type.  @typescript-eslint/no-
explicit-any
367:63  Error: Unexpected 
any. Specify a different 
type.  @typescript-eslint/no-
explicit-any
373:10  Error: Unexpected 
any. Specify a different 
type.  @typescript-eslint/no-
explicit-any

./src/app/(dashboard)/classes
/page.tsx
4:20  Error: 'useMutation' 
is defined but never used.  @
typescript-eslint/no-unused-v
ars
11:5  Error: 'GraduationCap' 
is defined but never used.  @
typescript-eslint/no-unused-v
ars
12:5  Error: 'BookOpen' is 
defined but never used.  @typ
escript-eslint/no-unused-vars
13:5  Error: 'User' is 
defined but never used.  @typ
escript-eslint/no-unused-vars
15:5  Error: 'Filter' is 
defined but never used.  @typ
escript-eslint/no-unused-vars
45:5  Error: 'Table' is 
defined but never used.  @typ
escript-eslint/no-unused-vars
46:5  Error: 'TableBody' is 
defined but never used.  @typ
escript-eslint/no-unused-vars
47:5  Error: 'TableCell' is 
defined but never used.  @typ
escript-eslint/no-unused-vars
48:5  Error: 'TableHead' is 
defined but never used.  @typ
escript-eslint/no-unused-vars
49:5  Error: 'TableHeader' 
is defined but never used.  @
typescript-eslint/no-unused-v
ars
50:5  Error: 'TableRow' is 
defined but never used.  @typ
escript-eslint/no-unused-vars
71:39  Error: 'error' is 
assigned a value but never 
used.  @typescript-eslint/no-
unused-vars
76:90  Error: Unexpected 
any. Specify a different 
type.  @typescript-eslint/no-
explicit-any
76:98  Error: Unexpected 
any. Specify a different 
type.  @typescript-eslint/no-
explicit-any
84:67  Error: Unexpected 
any. Specify a different 
type.  @typescript-eslint/no-
explicit-any
86:17  Error: 'teacherMap' 
is never reassigned. Use 
'const' instead.  
prefer-const
86:44  Error: Unexpected 
any. Specify a different 
type.  @typescript-eslint/no-
explicit-any
88:89  Error: Unexpected 
any. Specify a different 
type.  @typescript-eslint/no-
explicit-any
88:97  Error: Unexpected 
any. Specify a different 
type.  @typescript-eslint/no-
explicit-any
93:42  Error: Unexpected 
any. Specify a different 
type.  @typescript-eslint/no-
explicit-any
98:79  Error: Unexpected 
any. Specify a different 
type.  @typescript-eslint/no-
explicit-any
98:87  Error: Unexpected 
any. Specify a different 
type.  @typescript-eslint/no-
explicit-any
101:17  Error: 
'studentCountMap' is never 
reassigned. Use 'const' 
instead.  prefer-const
102:39  Error: Unexpected 
any. Specify a different 
type.  @typescript-eslint/no-
explicit-any
109:44  Error: Unexpected 
any. Specify a different 
type.  @typescript-eslint/no-
explicit-any
234:42  Error: 'err' is 
defined but never used.  @typ
escript-eslint/no-unused-vars

./src/app/(dashboard)/classes
/[id]/page.tsx
8:5  Error: 'Users' is 
defined but never used.  @typ
escript-eslint/no-unused-vars
9:5  Error: 'BookOpen' is 
defined but never used.  @typ
escript-eslint/no-unused-vars
15:5  Error: 'GraduationCap' 
is defined but never used.  @
typescript-eslint/no-unused-v
ars
16:5  Error: 'Calendar' is 
defined but never used.  @typ
escript-eslint/no-unused-vars
17:5  Error: 'Settings' is 
defined but never used.  @typ
escript-eslint/no-unused-vars
23:34  Error: 'AvatarImage' 
is defined but never used.  @
typescript-eslint/no-unused-v
ars
36:8  Error: 'Link' is 
defined but never used.  @typ
escript-eslint/no-unused-vars
51:92  Error: Unexpected 
any. Specify a different 
type.  @typescript-eslint/no-
explicit-any
51:100  Error: Unexpected 
any. Specify a different 
type.  @typescript-eslint/no-
explicit-any
60:75  Error: Unexpected 
any. Specify a different 
type.  @typescript-eslint/no-
explicit-any
60:83  Error: Unexpected 
any. Specify a different 
type.  @typescript-eslint/no-
explicit-any
65:75  Error: Unexpected 
any. Specify a different 
type.  @typescript-eslint/no-
explicit-any
65:83  Error: Unexpected 
any. Specify a different 
type.  @typescript-eslint/no-
explicit-any
68:85  Error: Unexpected 
any. Specify a different 
type.  @typescript-eslint/no-
explicit-any
68:93  Error: Unexpected 
any. Specify a different 
type.  @typescript-eslint/no-
explicit-any
72:17  Error: 'teacherIds' 
is never reassigned. Use 
'const' instead.  
prefer-const
72:78  Error: Unexpected 
any. Specify a different 
type.  @typescript-eslint/no-
explicit-any
73:17  Error: 
'instructorMap' is never 
reassigned. Use 'const' 
instead.  prefer-const
73:47  Error: Unexpected 
any. Specify a different 
type.  @typescript-eslint/no-
explicit-any
75:76  Error: Unexpected 
any. Specify a different 
type.  @typescript-eslint/no-
explicit-any
75:84  Error: Unexpected 
any. Specify a different 
type.  @typescript-eslint/no-
explicit-any
76:39  Error: Unexpected 
any. Specify a different 
type.  @typescript-eslint/no-
explicit-any
79:65  Error: Unexpected 
any. Specify a different 
type.  @typescript-eslint/no-
explicit-any
150:75  Error: Unexpected 
any. Specify a different 
type.  @typescript-eslint/no-
explicit-any
216:62  Error: Unexpected 
any. Specify a different 
type.  @typescript-eslint/no-
explicit-any
293:71  Error: Unexpected 
any. Specify a different 
type.  @typescript-eslint/no-
explicit-any
346:79  Error: Unexpected 
any. Specify a different 
type.  @typescript-eslint/no-
explicit-any
359:75  Error: Unexpected 
any. Specify a different 
type.  @typescript-eslint/no-
explicit-any
374:60  Error: Unexpected 
any. Specify a different 
type.  @typescript-eslint/no-
explicit-any

./src/app/(dashboard)/dashboa
rd/page.tsx
15:5  Error: 'ChevronRight' 
is defined but never used.  @
typescript-eslint/no-unused-v
ars
39:111  Error: Unexpected 
any. Specify a different 
type.  @typescript-eslint/no-
explicit-any
43:45  Error: Unexpected 
any. Specify a different 
type.  @typescript-eslint/no-
explicit-any
43:53  Error: Unexpected 
any. Specify a different 
type.  @typescript-eslint/no-
explicit-any
54:17  Error: 'teacherMap' 
is never reassigned. Use 
'const' instead.  
prefer-const
54:44  Error: Unexpected 
any. Specify a different 
type.  @typescript-eslint/no-
explicit-any
57:65  Error: Unexpected 
any. Specify a different 
type.  @typescript-eslint/no-
explicit-any
59:80  Error: Unexpected 
any. Specify a different 
type.  @typescript-eslint/no-
explicit-any
59:88  Error: Unexpected 
any. Specify a different 
type.  @typescript-eslint/no-
explicit-any
62:43  Error: Unexpected 
any. Specify a different 
type.  @typescript-eslint/no-
explicit-any
66:53  Error: Unexpected 
any. Specify a different 
type.  @typescript-eslint/no-
explicit-any
148:67  Error: Unexpected 
any. Specify a different 
type.  @typescript-eslint/no-
explicit-any

./src/app/(dashboard)/layout.
tsx
28:28  Error: Unexpected 
any. Specify a different 
type.  @typescript-eslint/no-
explicit-any
36:34  Error: Unexpected 
any. Specify a different 
type.  @typescript-eslint/no-
explicit-any
36:42  Error: Unexpected 
any. Specify a different 
type.  @typescript-eslint/no-
explicit-any
43:22  Error: Unexpected 
any. Specify a different 
type.  @typescript-eslint/no-
explicit-any
54:34  Error: Unexpected 
any. Specify a different 
type.  @typescript-eslint/no-
explicit-any
54:42  Error: Unexpected 
any. Specify a different 
type.  @typescript-eslint/no-
explicit-any
55:49  Error: Unexpected 
any. Specify a different 
type.  @typescript-eslint/no-
explicit-any

./src/app/(dashboard)/marks/p
age.tsx
7:5  Error: 'Save' is 
defined but never used.  @typ
escript-eslint/no-unused-vars
9:5  Error: 'CheckCircle2' 
is defined but never used.  @
typescript-eslint/no-unused-v
ars
10:5  Error: 'AlertCircle' 
is defined but never used.  @
typescript-eslint/no-unused-v
ars
13:5  Error: 'Upload' is 
defined but never used.  @typ
escript-eslint/no-unused-vars
15:5  Error: 'ChevronDown' 
is defined but never used.  @
typescript-eslint/no-unused-v
ars
20:5  Error: 'Trash2' is 
defined but never used.  @typ
escript-eslint/no-unused-vars
21:5  Error: 'MoreVertical' 
is defined but never used.  @
typescript-eslint/no-unused-v
ars
41:29  Error: 'CardHeader' 
is defined but never used.  @
typescript-eslint/no-unused-v
ars
41:41  Error: 'CardTitle' is 
defined but never used.  @typ
escript-eslint/no-unused-vars
41:52  Error: 
'CardDescription' is defined 
but never used.  @typescript-
eslint/no-unused-vars
122:62  Error: Unexpected 
any. Specify a different 
type.  @typescript-eslint/no-
explicit-any
122:70  Error: Unexpected 
any. Specify a different 
type.  @typescript-eslint/no-
explicit-any
151:28  Error: Unexpected 
any. Specify a different 
type.  @typescript-eslint/no-
explicit-any
203:37  Error: 
'loadingMarks' is assigned a 
value but never used.  @types
cript-eslint/no-unused-vars
218:36  Error: Unexpected 
any. Specify a different 
type.  @typescript-eslint/no-
explicit-any
220:69  Error: Unexpected 
any. Specify a different 
type.  @typescript-eslint/no-
explicit-any
220:77  Error: Unexpected 
any. Specify a different 
type.  @typescript-eslint/no-
explicit-any
243:34  Error: Unexpected 
any. Specify a different 
type.  @typescript-eslint/no-
explicit-any
243:42  Error: Unexpected 
any. Specify a different 
type.  @typescript-eslint/no-
explicit-any
288:49  Error: Unexpected 
any. Specify a different 
type.  @typescript-eslint/no-
explicit-any
288:57  Error: Unexpected 
any. Specify a different 
type.  @typescript-eslint/no-
explicit-any
295:49  Error: Unexpected 
any. Specify a different 
type.  @typescript-eslint/no-
explicit-any
295:57  Error: Unexpected 
any. Specify a different 
type.  @typescript-eslint/no-
explicit-any
305:24  Error: Unexpected 
any. Specify a different 
type.  @typescript-eslint/no-
explicit-any
654:10  Error: 'cn' is 
defined but never used.  @typ
escript-eslint/no-unused-vars
654:24  Error: Unexpected 
any. Specify a different 
type.  @typescript-eslint/no-
explicit-any

./src/app/(dashboard)/reports
/page.tsx
4:33  Error: 
'useQueryClient' is defined 
but never used.  @typescript-
eslint/no-unused-vars
6:5  Error: 'BarChart3' is 
defined but never used.  @typ
escript-eslint/no-unused-vars
7:5  Error: 'FileText' is 
defined but never used.  @typ
escript-eslint/no-unused-vars
12:5  Error: 'ArrowRight' is 
defined but never used.  @typ
escript-eslint/no-unused-vars
13:5  Error: 
'ClipboardCheck' is defined 
but never used.  @typescript-
eslint/no-unused-vars
14:5  Error: 'Calendar' is 
defined but never used.  @typ
escript-eslint/no-unused-vars
17:5  Error: 'AlertCircle' 
is defined but never used.  @
typescript-eslint/no-unused-v
ars
19:5  Error: 'Filter' is 
defined but never used.  @typ
escript-eslint/no-unused-vars
29:5  Error: 
'CardDescription' is defined 
but never used.  @typescript-
eslint/no-unused-vars
31:5  Error: 'CardTitle' is 
defined but never used.  @typ
escript-eslint/no-unused-vars
42:27  Error: 'PDFViewer' is 
defined but never used.  @typ
escript-eslint/no-unused-vars
59:28  Error: Unexpected 
any. Specify a different 
type.  @typescript-eslint/no-
explicit-any
69:28  Error: Unexpected 
any. Specify a different 
type.  @typescript-eslint/no-
explicit-any
79:53  Error: Unexpected 
any. Specify a different 
type.  @typescript-eslint/no-
explicit-any
88:60  Error: Unexpected 
any. Specify a different 
type.  @typescript-eslint/no-
explicit-any
89:17  Error: 'classMap' is 
never reassigned. Use 
'const' instead.  
prefer-const
89:42  Error: Unexpected 
any. Specify a different 
type.  @typescript-eslint/no-
explicit-any
91:81  Error: Unexpected 
any. Specify a different 
type.  @typescript-eslint/no-
explicit-any
91:89  Error: Unexpected 
any. Specify a different 
type.  @typescript-eslint/no-
explicit-any
92:42  Error: Unexpected 
any. Specify a different 
type.  @typescript-eslint/no-
explicit-any
96:39  Error: Unexpected 
any. Specify a different 
type.  @typescript-eslint/no-
explicit-any
107:40  Error: Unexpected 
any. Specify a different 
type.  @typescript-eslint/no-
explicit-any
109:65  Error: Unexpected 
any. Specify a different 
type.  @typescript-eslint/no-
explicit-any
109:73  Error: Unexpected 
any. Specify a different 
type.  @typescript-eslint/no-
explicit-any
124:38  Error: Unexpected 
any. Specify a different 
type.  @typescript-eslint/no-
explicit-any
137:42  Error: Unexpected 
any. Specify a different 
type.  @typescript-eslint/no-
explicit-any

./src/app/(dashboard)/setting
s/academic-year/page.tsx
6:5  Error: 'Plus' is 
defined but never used.  @typ
escript-eslint/no-unused-vars
13:5  Error: 'ChevronRight' 
is defined but never used.  @
typescript-eslint/no-unused-v
ars
40:5  Error: 
'DropdownMenuLabel' is 
defined but never used.  @typ
escript-eslint/no-unused-vars
76:26  Error: Unexpected 
any. Specify a different 
type.  @typescript-eslint/no-
explicit-any
107:11  Error: 'activeYear' 
is assigned a value but 
never used.  @typescript-esli
nt/no-unused-vars
256:24  Error: Unexpected 
any. Specify a different 
type.  @typescript-eslint/no-
explicit-any

./src/app/(dashboard)/setting
s/audit-logs/page.tsx
7:5  Error: 'User' is 
defined but never used.  @typ
escript-eslint/no-unused-vars
8:5  Error: 'Terminal' is 
defined but never used.  @typ
escript-eslint/no-unused-vars
9:5  Error: 'Clock' is 
defined but never used.  @typ
escript-eslint/no-unused-vars
11:5  Error: 'FileCode' is 
defined but never used.  @typ
escript-eslint/no-unused-vars
12:5  Error: 'Calendar' is 
defined but never used.  @typ
escript-eslint/no-unused-vars
14:5  Error: 'ChevronRight' 
is defined but never used.  @
typescript-eslint/no-unused-v
ars
16:5  Error: 'ArrowRight' is 
defined but never used.  @typ
escript-eslint/no-unused-vars
20:16  Error: 'CardContent' 
is defined but never used.  @
typescript-eslint/no-unused-v
ars
20:29  Error: 'CardHeader' 
is defined but never used.  @
typescript-eslint/no-unused-v
ars
20:41  Error: 'CardTitle' is 
defined but never used.  @typ
escript-eslint/no-unused-vars
20:52  Error: 
'CardDescription' is defined 
but never used.  @typescript-
eslint/no-unused-vars
21:10  Error: 'Badge' is 
defined but never used.  @typ
escript-eslint/no-unused-vars
32:10  Error: 'format' is 
defined but never used.  @typ
escript-eslint/no-unused-vars
38:48  Error: Unexpected 
any. Specify a different 
type.  @typescript-eslint/no-
explicit-any
51:45  Error: Unexpected 
any. Specify a different 
type.  @typescript-eslint/no-
explicit-any
154:10  Error: 'cn' is 
defined but never used.  @typ
escript-eslint/no-unused-vars
154:24  Error: Unexpected 
any. Specify a different 
type.  @typescript-eslint/no-
explicit-any

./src/app/(dashboard)/setting
s/profile/page.tsx
6:5  Error: 'User' is 
defined but never used.  @typ
escript-eslint/no-unused-vars
9:5  Error: 'CheckCircle2' 
is defined but never used.  @
typescript-eslint/no-unused-v
ars
14:5  Error: 'Mail' is 
defined but never used.  @typ
escript-eslint/no-unused-vars
41:38  Error: Unexpected 
any. Specify a different 
type.  @typescript-eslint/no-
explicit-any
42:44  Error: Unexpected 
any. Specify a different 
type.  @typescript-eslint/no-
explicit-any
44:50  Error: Unexpected 
any. Specify a different 
type.  @typescript-eslint/no-
explicit-any
46:50  Error: Unexpected 
any. Specify a different 
type.  @typescript-eslint/no-
explicit-any
58:40  Error: 'error' is 
assigned a value but never 
used.  @typescript-eslint/no-
unused-vars
88:23  Error: Unexpected 
any. Specify a different 
type.  @typescript-eslint/no-
explicit-any
117:23  Error: Unexpected 
any. Specify a different 
type.  @typescript-eslint/no-
explicit-any
264:53  Warning: Using 
`<img>` could result in 
slower LCP and higher 
bandwidth. Consider using 
`<Image />` from 
`next/image` to 
automatically optimize 
images. This may incur 
additional usage or cost 
from your provider. See: http
s://nextjs.org/docs/messages/
no-img-element  
@next/next/no-img-element

./src/app/(dashboard)/setting
s/school/page.tsx
6:5  Error: 'Building2' is 
defined but never used.  @typ
escript-eslint/no-unused-vars
7:5  Error: 'MapPin' is 
defined but never used.  @typ
escript-eslint/no-unused-vars
8:5  Error: 'User' is 
defined but never used.  @typ
escript-eslint/no-unused-vars
9:5  Error: 'Mail' is 
defined but never used.  @typ
escript-eslint/no-unused-vars
10:5  Error: 'Phone' is 
defined but never used.  @typ
escript-eslint/no-unused-vars
11:5  Error: 'Globe' is 
defined but never used.  @typ
escript-eslint/no-unused-vars
12:5  Error: 'Save' is 
defined but never used.  @typ
escript-eslint/no-unused-vars
14:5  Error: 'MessageSquare' 
is defined but never used.  @
typescript-eslint/no-unused-v
ars
32:10  Error: 'Separator' is 
defined but never used.  @typ
escript-eslint/no-unused-vars
53:36  Error: Unexpected 
any. Specify a different 
type.  @typescript-eslint/no-
explicit-any
69:26  Error: Unexpected 
any. Specify a different 
type.  @typescript-eslint/no-
explicit-any
95:85  Error: `'` can be 
escaped with `&apos;`, 
`&lsquo;`, `&#39;`, 
`&rsquo;`.  
react/no-unescaped-entities
107:41  Warning: Using 
`<img>` could result in 
slower LCP and higher 
bandwidth. Consider using 
`<Image />` from 
`next/image` to 
automatically optimize 
images. This may incur 
additional usage or cost 
from your provider. See: http
s://nextjs.org/docs/messages/
no-img-element  
@next/next/no-img-element
170:169  Error: `'` can be 
escaped with `&apos;`, 
`&lsquo;`, `&#39;`, 
`&rsquo;`.  
react/no-unescaped-entities

./src/app/(dashboard)/student
s/page.tsx
4:20  Error: 'useMutation' 
is defined but never used.  @
typescript-eslint/no-unused-v
ars
11:5  Error: 'Filter' is 
defined but never used.  @typ
escript-eslint/no-unused-vars
18:5  Error: 'Clock' is 
defined but never used.  @typ
escript-eslint/no-unused-vars
19:5  Error: 'Loader2' is 
defined but never used.  @typ
escript-eslint/no-unused-vars
35:5  Error: 
'DropdownMenuLabel' is 
defined but never used.  @typ
escript-eslint/no-unused-vars
63:11  Error: 'queryClient' 
is assigned a value but 
never used.  @typescript-esli
nt/no-unused-vars
273:24  Error: Unexpected 
any. Specify a different 
type.  @typescript-eslint/no-
explicit-any

./src/app/(dashboard)/student
s/[id]/page.tsx
8:21  Error: 'GraduationCap' 
is defined but never used.  @
typescript-eslint/no-unused-v
ars
8:56  Error: 'Save' is 
defined but never used.  @typ
escript-eslint/no-unused-vars
11:10  Error: 'Input' is 
defined but never used.  @typ
escript-eslint/no-unused-vars
15:8  Error: 'toast' is 
defined but never used.  @typ
escript-eslint/no-unused-vars
25:67  Error: Unexpected 
any. Specify a different 
type.  @typescript-eslint/no-
explicit-any
37:28  Error: Unexpected 
any. Specify a different 
type.  @typescript-eslint/no-
explicit-any
42:38  Error: Unexpected 
any. Specify a different 
type.  @typescript-eslint/no-
explicit-any
60:46  Error: Unexpected 
any. Specify a different 
type.  @typescript-eslint/no-
explicit-any
72:28  Error: Unexpected 
any. Specify a different 
type.  @typescript-eslint/no-
explicit-any
77:44  Error: Unexpected 
any. Specify a different 
type.  @typescript-eslint/no-
explicit-any
88:28  Error: Unexpected 
any. Specify a different 
type.  @typescript-eslint/no-
explicit-any
93:38  Error: Unexpected 
any. Specify a different 
type.  @typescript-eslint/no-
explicit-any
114:64  Error: Unexpected 
any. Specify a different 
type.  @typescript-eslint/no-
explicit-any

./src/app/(dashboard)/subject
s/page.tsx
4:20  Error: 'useMutation' 
is defined but never used.  @
typescript-eslint/no-unused-v
ars
4:33  Error: 
'useQueryClient' is defined 
but never used.  @typescript-
eslint/no-unused-vars
9:5  Error: 'Trash2' is 
defined but never used.  @typ
escript-eslint/no-unused-vars
10:5  Error: 'Edit2' is 
defined but never used.  @typ
escript-eslint/no-unused-vars
12:5  Error: 'LayoutGrid' is 
defined but never used.  @typ
escript-eslint/no-unused-vars
13:5  Error: 'List' is 
defined but never used.  @typ
escript-eslint/no-unused-vars
14:5  Error: 'Activity' is 
defined but never used.  @typ
escript-eslint/no-unused-vars
15:5  Error: 'ChevronRight' 
is defined but never used.  @
typescript-eslint/no-unused-v
ars
16:5  Error: 'TrendingDown' 
is defined but never used.  @
typescript-eslint/no-unused-v
ars
18:5  Error: 'Clock' is 
defined but never used.  @typ
escript-eslint/no-unused-vars
20:5  Error: 'AlertCircle' 
is defined but never used.  @
typescript-eslint/no-unused-v
ars
26:5  Error: 
'CardDescription' is defined 
but never used.  @typescript-
eslint/no-unused-vars
37:5  Error: 
'DropdownMenuLabel' is 
defined but never used.  @typ
escript-eslint/no-unused-vars
67:129  Error: Unexpected 
any. Specify a different 
type.  @typescript-eslint/no-
explicit-any
74:35  Error: Unexpected 
any. Specify a different 
type.  @typescript-eslint/no-
explicit-any
76:55  Error: Unexpected 
any. Specify a different 
type.  @typescript-eslint/no-
explicit-any
78:53  Error: Unexpected 
any. Specify a different 
type.  @typescript-eslint/no-
explicit-any
79:67  Error: Unexpected 
any. Specify a different 
type.  @typescript-eslint/no-
explicit-any
199:10  Error: 'cn' is 
defined but never used.  @typ
escript-eslint/no-unused-vars
199:24  Error: Unexpected 
any. Specify a different 
type.  @typescript-eslint/no-
explicit-any

./src/app/(dashboard)/teacher
s/create/page.tsx
5:5  Error: 'Plus' is 
defined but never used.  @typ
escript-eslint/no-unused-vars

./src/app/(dashboard)/teacher
s/invite/page.tsx
5:23  Error: 
'useQueryClient' is defined 
but never used.  @typescript-
eslint/no-unused-vars
7:5  Error: 'Plus' is 
defined but never used.  @typ
escript-eslint/no-unused-vars
78:21  Error: 'token' is 
defined but never used.  @typ
escript-eslint/no-unused-vars
82:26  Error: Unexpected 
any. Specify a different 
type.  @typescript-eslint/no-
explicit-any
153:127  Error: Unexpected 
any. Specify a different 
type.  @typescript-eslint/no-
explicit-any

./src/app/(dashboard)/teacher
s/page.tsx
5:32  Error: 'ArrowRight' is 
defined but never used.  @typ
escript-eslint/no-unused-vars
5:44  Error: 'BookOpen' is 
defined but never used.  @typ
escript-eslint/no-unused-vars
6:5  Error: 'ShieldCheck' is 
defined but never used.  @typ
escript-eslint/no-unused-vars
6:18  Error: 'GraduationCap' 
is defined but never used.  @
typescript-eslint/no-unused-v
ars
6:39  Error: 'Phone' is 
defined but never used.  @typ
escript-eslint/no-unused-vars
7:28  Error: 'Loader2' is 
defined but never used.  @typ
escript-eslint/no-unused-vars
7:37  Error: 'Filter' is 
defined but never used.  @typ
escript-eslint/no-unused-vars
7:45  Error: 'Download' is 
defined but never used.  @typ
escript-eslint/no-unused-vars
64:44  Error: Unexpected 
any. Specify a different 
type.  @typescript-eslint/no-
explicit-any
72:43  Error: Unexpected 
any. Specify a different 
type.  @typescript-eslint/no-
explicit-any
72:51  Error: Unexpected 
any. Specify a different 
type.  @typescript-eslint/no-
explicit-any
88:56  Error: Unexpected 
any. Specify a different 
type.  @typescript-eslint/no-
explicit-any
137:67  Error: Unexpected 
any. Specify a different 
type.  @typescript-eslint/no-
explicit-any
241:64  Error: Unexpected 
any. Specify a different 
type.  @typescript-eslint/no-
explicit-any
272:86  Error: Unexpected 
any. Specify a different 
type.  @typescript-eslint/no-
explicit-any
314:70  Error: Unexpected 
any. Specify a different 
type.  @typescript-eslint/no-
explicit-any
314:96  Error: Unexpected 
any. Specify a different 
type.  @typescript-eslint/no-
explicit-any
366:59  Error: Unexpected 
any. Specify a different 
type.  @typescript-eslint/no-
explicit-any

./src/app/actions/classes.ts
16:86  Error: Unexpected 
any. Specify a different 
type.  @typescript-eslint/no-
explicit-any
16:94  Error: Unexpected 
any. Specify a different 
type.  @typescript-eslint/no-
explicit-any
21:40  Error: Unexpected 
any. Specify a different 
type.  @typescript-eslint/no-
explicit-any
25:28  Error: Unexpected 
any. Specify a different 
type.  @typescript-eslint/no-
explicit-any
27:63  Error: Unexpected 
any. Specify a different 
type.  @typescript-eslint/no-
explicit-any
27:71  Error: Unexpected 
any. Specify a different 
type.  @typescript-eslint/no-
explicit-any
33:30  Error: Unexpected 
any. Specify a different 
type.  @typescript-eslint/no-
explicit-any
33:42  Error: Unexpected 
any. Specify a different 
type.  @typescript-eslint/no-
explicit-any
59:86  Error: Unexpected 
any. Specify a different 
type.  @typescript-eslint/no-
explicit-any
59:94  Error: Unexpected 
any. Specify a different 
type.  @typescript-eslint/no-
explicit-any
60:40  Error: Unexpected 
any. Specify a different 
type.  @typescript-eslint/no-
explicit-any
61:28  Error: Unexpected 
any. Specify a different 
type.  @typescript-eslint/no-
explicit-any
63:64  Error: Unexpected 
any. Specify a different 
type.  @typescript-eslint/no-
explicit-any
63:72  Error: Unexpected 
any. Specify a different 
type.  @typescript-eslint/no-
explicit-any
65:36  Error: Unexpected 
any. Specify a different 
type.  @typescript-eslint/no-
explicit-any

./src/app/actions/seed.ts
13:15  Error: Unexpected 
any. Specify a different 
type.  @typescript-eslint/no-
explicit-any
33:30  Error: Unexpected 
any. Specify a different 
type.  @typescript-eslint/no-
explicit-any
33:38  Error: Unexpected 
any. Specify a different 
type.  @typescript-eslint/no-
explicit-any
40:18  Error: Unexpected 
any. Specify a different 
type.  @typescript-eslint/no-
explicit-any
63:46  Error: Unexpected 
any. Specify a different 
type.  @typescript-eslint/no-
explicit-any
63:54  Error: Unexpected 
any. Specify a different 
type.  @typescript-eslint/no-
explicit-any
78:34  Error: Unexpected 
any. Specify a different 
type.  @typescript-eslint/no-
explicit-any
78:42  Error: Unexpected 
any. Specify a different 
type.  @typescript-eslint/no-
explicit-any
150:77  Error: Unexpected 
any. Specify a different 
type.  @typescript-eslint/no-
explicit-any
150:85  Error: Unexpected 
any. Specify a different 
type.  @typescript-eslint/no-
explicit-any
168:47  Error: Unexpected 
any. Specify a different 
type.  @typescript-eslint/no-
explicit-any
168:55  Error: Unexpected 
any. Specify a different 
type.  @typescript-eslint/no-
explicit-any
170:90  Error: Unexpected 
any. Specify a different 
type.  @typescript-eslint/no-
explicit-any
170:98  Error: Unexpected 
any. Specify a different 
type.  @typescript-eslint/no-
explicit-any
196:66  Error: Unexpected 
any. Specify a different 
type.  @typescript-eslint/no-
explicit-any
196:74  Error: Unexpected 
any. Specify a different 
type.  @typescript-eslint/no-
explicit-any
202:62  Error: Unexpected 
any. Specify a different 
type.  @typescript-eslint/no-
explicit-any
202:70  Error: Unexpected 
any. Specify a different 
type.  @typescript-eslint/no-
explicit-any
204:28  Error: Unexpected 
any. Specify a different 
type.  @typescript-eslint/no-
explicit-any
225:69  Error: Unexpected 
any. Specify a different 
type.  @typescript-eslint/no-
explicit-any
225:77  Error: Unexpected 
any. Specify a different 
type.  @typescript-eslint/no-
explicit-any
231:68  Error: Unexpected 
any. Specify a different 
type.  @typescript-eslint/no-
explicit-any
231:76  Error: Unexpected 
any. Specify a different 
type.  @typescript-eslint/no-
explicit-any
233:31  Error: Unexpected 
any. Specify a different 
type.  @typescript-eslint/no-
explicit-any
248:68  Error: Unexpected 
any. Specify a different 
type.  @typescript-eslint/no-
explicit-any
248:76  Error: Unexpected 
any. Specify a different 
type.  @typescript-eslint/no-
explicit-any
254:66  Error: Unexpected 
any. Specify a different 
type.  @typescript-eslint/no-
explicit-any
254:74  Error: Unexpected 
any. Specify a different 
type.  @typescript-eslint/no-
explicit-any
256:30  Error: Unexpected 
any. Specify a different 
type.  @typescript-eslint/no-
explicit-any
282:75  Error: Unexpected 
any. Specify a different 
type.  @typescript-eslint/no-
explicit-any
282:83  Error: Unexpected 
any. Specify a different 
type.  @typescript-eslint/no-
explicit-any
325:70  Error: Unexpected 
any. Specify a different 
type.  @typescript-eslint/no-
explicit-any
325:78  Error: Unexpected 
any. Specify a different 
type.  @typescript-eslint/no-
explicit-any
338:72  Error: Unexpected 
any. Specify a different 
type.  @typescript-eslint/no-
explicit-any
338:80  Error: Unexpected 
any. Specify a different 
type.  @typescript-eslint/no-
explicit-any
342:96  Error: Unexpected 
any. Specify a different 
type.  @typescript-eslint/no-
explicit-any
342:104  Error: Unexpected 
any. Specify a different 
type.  @typescript-eslint/no-
explicit-any
357:78  Error: Unexpected 
any. Specify a different 
type.  @typescript-eslint/no-
explicit-any
357:86  Error: Unexpected 
any. Specify a different 
type.  @typescript-eslint/no-
explicit-any
361:62  Error: Unexpected 
any. Specify a different 
type.  @typescript-eslint/no-
explicit-any
371:78  Error: Unexpected 
any. Specify a different 
type.  @typescript-eslint/no-
explicit-any
371:86  Error: Unexpected 
any. Specify a different 
type.  @typescript-eslint/no-
explicit-any
397:19  Error: Unexpected 
any. Specify a different 
type.  @typescript-eslint/no-
explicit-any

./src/app/actions/teachers.ts
3:10  Error: 'createClient' 
is defined but never used.  @
typescript-eslint/no-unused-v
ars
34:64  Error: Unexpected 
any. Specify a different 
type.  @typescript-eslint/no-
explicit-any
34:72  Error: Unexpected 
any. Specify a different 
type.  @typescript-eslint/no-
explicit-any
84:64  Error: Unexpected 
any. Specify a different 
type.  @typescript-eslint/no-
explicit-any
84:72  Error: Unexpected 
any. Specify a different 
type.  @typescript-eslint/no-
explicit-any

./src/app/api/emergency-fix/r
oute.ts
31:21  Error: Unexpected 
any. Specify a different 
type.  @typescript-eslint/no-
explicit-any

./src/components/DirectorBroa
dsheetView.tsx
6:57  Error: 'CheckCircle2' 
is defined but never used.  @
typescript-eslint/no-unused-v
ars
25:52  Error: Unexpected 
any. Specify a different 
type.  @typescript-eslint/no-
explicit-any
33:52  Error: Unexpected 
any. Specify a different 
type.  @typescript-eslint/no-
explicit-any
46:52  Error: Unexpected 
any. Specify a different 
type.  @typescript-eslint/no-
explicit-any
60:52  Error: Unexpected 
any. Specify a different 
type.  @typescript-eslint/no-
explicit-any
75:52  Error: Unexpected 
any. Specify a different 
type.  @typescript-eslint/no-
explicit-any
88:52  Error: Unexpected 
any. Specify a different 
type.  @typescript-eslint/no-
explicit-any

./src/components/layout/Dashb
oardShell.tsx
26:39  Error: Unexpected 
any. Specify a different 
type.  @typescript-eslint/no-
explicit-any
50:44  Error: Unexpected 
any. Specify a different 
type.  @typescript-eslint/no-
explicit-any

./src/components/TeacherActio
ns.tsx
21:24  Error: Unexpected 
any. Specify a different 
type.  @typescript-eslint/no-
explicit-any
25:66  Error: Unexpected 
any. Specify a different 
type.  @typescript-eslint/no-
explicit-any
73:24  Error: Unexpected 
any. Specify a different 
type.  @typescript-eslint/no-
explicit-any
96:24  Error: Unexpected 
any. Specify a different 
type.  @typescript-eslint/no-
explicit-any
152:67  Error: Unexpected 
any. Specify a different 
type.  @typescript-eslint/no-
explicit-any
165:68  Error: Unexpected 
any. Specify a different 
type.  @typescript-eslint/no-
explicit-any
196:67  Error: Unexpected 
any. Specify a different 
type.  @typescript-eslint/no-
explicit-any

./src/hooks/use-toast.ts
21:7  Error: 'actionTypes' 
is assigned a value but only 
used as a type.  @typescript-
eslint/no-unused-vars

./src/lib/pdf/TranscriptDocum
ent.tsx
1:57  Error: 'Font' is 
defined but never used.  @typ
escript-eslint/no-unused-vars
160:17  Warning: Image 
elements must have an alt 
prop, either with meaningful 
text, or an empty string for 
decorative images.  
jsx-a11y/alt-text

./src/lib/supabase/server.ts
19:30  Error: 'error' is 
defined but never used.  @typ
escript-eslint/no-unused-vars
28:30  Error: 'error' is 
defined but never used.  @typ
escript-eslint/no-unused-vars

info  - Need to disable some 
ESLint rules? Learn more 
here: https://nextjs.org/docs
/basic-features/eslint#disabl
ing-rules
